// Jest Snapshot v1, https://goo.gl/fbAQLP

exports[`Given an AddEdit form component When it's rendered Then it should always match this snapshot 1`] = `
<div
  className="sc-dkzDqf ebvruw"
>
  <div>
    <div
      className="addedit__form"
    >
      <form
        autoComplete="off"
        noValidate={true}
        onSubmit={[Function]}
      >
        <div
          className="addedit__text--container"
        >
          <p
            className="addedit__text--intro"
          >
            ADD YOUR WORK
          </p>
          <p
            className="addedit__text--intro"
          >
            TO START SELLING AND
             
          </p>
          <p
            className="addedit__text--intro"
          >
            RENTING
            <span
              className="addedit__text--colored"
            >
               
              RIGHT NOW!
            </span>
          </p>
        </div>
        <div
          className="addedit__form--container-labels"
        >
          <div
            className="addedit__form--first-labels"
          >
            <label
              className="addedit__label"
              htmlFor="title"
            >
              TITLE
            </label>
            <input
              autoComplete="off"
              className="addedit__input"
              id="title"
              maxLength={24}
              onChange={[Function]}
              placeholder="TITLE"
              required={true}
              value=""
            />
            <label
              className="addedit__label"
              htmlFor="medium"
            >
              MEDIUM
            </label>
            <input
              autoComplete="off"
              className="addedit__input"
              id="medium"
              maxLength={33}
              onChange={[Function]}
              placeholder="MEDIUM"
              required={true}
              value=""
            />
            <label
              className="addedit__label"
              htmlFor="height"
            >
              HEIGHT (DIMENSIONS)
            </label>
            <input
              autoComplete="off"
              className="addedit__input"
              id="height"
              maxLength={4}
              min="1"
              onChange={[Function]}
              placeholder="HEIGHT"
              required={true}
              type="number"
              value=""
            />
            <label
              className="addedit__label"
              htmlFor="width"
            >
              WIDTH (DIMENSIONS)
            </label>
            <input
              autoComplete="off"
              className="addedit__input"
              id="width"
              maxLength={4}
              min="1"
              onChange={[Function]}
              placeholder="WIDTH"
              required={true}
              type="number"
              value=""
            />
            <label
              className="addedit__label"
              htmlFor="style"
            >
              STYLE
            </label>
            <select
              className="addedit__select"
              id="style"
              name="style"
              onChange={[Function]}
              required={true}
              value=""
            >
              <option
                disabled={true}
                value=""
              >
                Select a Style
              </option>
              <option
                value="abstract"
              >
                Abstract
              </option>
              <option
                value="architecture"
              >
                Architecture
              </option>
              <option
                value="expressionist"
              >
                Expressionist
              </option>
              <option
                value="figurative"
              >
                Figurative
              </option>
              <option
                value="geometric"
              >
                Geometric
              </option>
              <option
                value="minimal"
              >
                Minimal
              </option>
              <option
                value="nature"
              >
                Nature
              </option>
              <option
                value="people"
              >
                People
              </option>
              <option
                value="psychedelic"
              >
                Psychedelic
              </option>
              <option
                value="urban"
              >
                Urban
              </option>
            </select>
          </div>
          <div
            className="addedit__form--second-labels"
          >
            <label
              className="addedit__label"
              htmlFor="purchaseprice"
            >
              PURCHASE PRICE
            </label>
            <input
              autoComplete="off"
              className="addedit__input"
              id="purchaseprice"
              maxLength={10}
              min="1"
              onChange={[Function]}
              placeholder="€"
              required={true}
              type="number"
              value=""
            />
            <label
              className="addedit__label"
              htmlFor="monthlyrateprice"
            >
              MONTHLY RATE PRICE
            </label>
            <input
              autoComplete="off"
              className="addedit__input"
              id="monthlyrateprice"
              maxLength={10}
              min="1"
              onChange={[Function]}
              placeholder="€"
              required={true}
              type="number"
              value=""
            />
            <label
              className="addedit__label"
              htmlFor="description"
            >
              DESCRIPTION (MAX 240 CHAR)
            </label>
            <textarea
              autoComplete="off"
              className="addedit__textarea"
              id="description"
              maxLength={240}
              onChange={[Function]}
              placeholder="Describe your Artwork here"
              required={true}
              value=""
            />
            <label
              className="addedit__label"
              htmlFor="artimages"
            >
              ARTWORK PICTURE
            </label>
            <input
              accept="image/*"
              autoComplete="off"
              className="addedit__input"
              id="artimages"
              onChange={[Function]}
              required={true}
              type="file"
            />
          </div>
        </div>
        <div
          className="addedit__button--container"
        >
          <button
            className="addedit__button"
            disabled={false}
            type="submit"
            value="Send"
          >
            ADD YOUR ART
          </button>
        </div>
      </form>
    </div>
  </div>
</div>
`;

