// Jest Snapshot v1, https://goo.gl/fbAQLP

exports[`Given an Login form component When it's rendered Then it should always match this snapshot 1`] = `
Array [
  <header
    className="sc-jSMfEi kefAKc"
  >
    <div
      className="navigation__container--white"
    >
      <nav
        className="top-nav"
      >
        <div
          className="top-nav_img"
        >
          <a
            className=""
            href="/home"
            onClick={[Function]}
          >
            <img
              alt="Desterra logo in orange"
              height={126.08}
              src="/images/desterra_logo.png"
              width={250}
            />
          </a>
        </div>
        <input
          htmlFor="menu-toggle"
          id="menu-toggle"
          type="checkbox"
        />
        <label
          className="menu-button-container"
          htmlFor="menu-toggle"
        >
          <div
            className="menu-button"
          />
        </label>
        <ul
          className="menu"
        >
          <li>
            <a
              className=""
              href="/about"
              onClick={[Function]}
            >
              Why Desterra?
            </a>
          </li>
          <li>
            <a
              className=""
              href="/artwork/1"
              onClick={[Function]}
            >
              Artwork
            </a>
          </li>
          <li>
            <a
              className=""
              href="/users/register"
              onClick={[Function]}
            >
              Register
            </a>
          </li>
          <li>
            <a
              className=""
              href="/users/login"
              onClick={[Function]}
            >
              Sign In
            </a>
          </li>
        </ul>
      </nav>
    </div>
  </header>,
  <div
    className="sc-hKMtZM fcLXvJ"
  >
    <div>
      <div
        className="artwork__text--container"
      >
        <p
          className="artwork__text--intro"
        >
          ALL THE
          <span
            className="artwork__text--colored"
          >
             
            DES TERRA
             
          </span>
           
          ARTISTS WORKS
        </p>
      </div>
    </div>
    <div
      className="artwork__filter--container"
    >
      <div
        className="dropdown__container"
      >
        <div
          className="dropdown"
        >
          <button
            className="dropbtn"
          >
            SORT BY PURCHASE PRICE
          </button>
          <div
            className="dropdown-content"
          >
            <a
              className=""
              href="/artwork/1/sortOrderPurchase=-1"
              onClick={[Function]}
            >
              Biggest to Smallest Price
            </a>
            <a
              className=""
              href="/artwork/1/sortOrderPurchase=1"
              onClick={[Function]}
            >
              Smallest to Biggest Price
            </a>
          </div>
        </div>
      </div>
      <div
        className="dropdown__container--center"
      >
        <div
          className="dropdown"
        >
          <button
            className="dropbtn"
          >
            SORT BY RENT PRICE
          </button>
          <div
            className="dropdown-content"
          >
            <a
              className=""
              href="/artwork/1/sortOrderRent=-1"
              onClick={[Function]}
            >
              Biggest to Smallest Price
            </a>
            <a
              className=""
              href="/artwork/1/sortOrderRent=1"
              onClick={[Function]}
            >
              Smallest to Biggest Price
            </a>
          </div>
        </div>
      </div>
      <div
        className="dropdown__container--right"
      >
        <div
          className="dropdown"
        >
          <button
            className="dropbtn"
          >
            SELECT YOUR STYLE
          </button>
          <div
            className="dropdown-content"
          >
            <a
              className=""
              href="/artwork/1/"
              onClick={[Function]}
            >
              All Artworks
            </a>
            <a
              className=""
              href="/artwork/1/abstract/sortOrderRent=-1"
              onClick={[Function]}
            >
              Abstract
            </a>
            <a
              className=""
              href="/artwork/1/architecture/sortOrderRent=-1"
              onClick={[Function]}
            >
              Architecture
            </a>
            <a
              className=""
              href="/artwork/1/expressionist/sortOrderRent=-1"
              onClick={[Function]}
            >
              Expressionist
            </a>
            <a
              className=""
              href="/artwork/1/figurative/sortOrderRent=-1"
              onClick={[Function]}
            >
              Figurative
            </a>
            <a
              className=""
              href="/artwork/1/geometric/sortOrderRent=-1"
              onClick={[Function]}
            >
              Geometric
            </a>
            <a
              className=""
              href="/artwork/1/minimal/sortOrderRent=-1"
              onClick={[Function]}
            >
              Minimal
            </a>
            <a
              className=""
              href="/artwork/1/nature/sortOrderRent=-1"
              onClick={[Function]}
            >
              Nature
            </a>
            <a
              className=""
              href="/artwork/1/people/sortOrderRent=-1"
              onClick={[Function]}
            >
              People
            </a>
            <a
              className=""
              href="/artwork/1/psychedelic/sortOrderRent=-1"
              onClick={[Function]}
            >
              Psychedelic
            </a>
            <a
              className=""
              href="/artwork/1/urban/sortOrderRent=-1"
              onClick={[Function]}
            >
              Urban
            </a>
          </div>
        </div>
      </div>
    </div>
    <div
      className="dropdown__container--right_responsive"
    >
      <div
        className="dropdown"
      >
        <button
          className="dropbtn"
        >
          SELECT YOUR STYLE
        </button>
        <div
          className="dropdown-content"
        >
          <a
            className=""
            href="/artwork/1/abstract/sortOrderRent=-1"
            onClick={[Function]}
          >
            Abstract
          </a>
          <a
            className=""
            href="/artwork/1/architecture/sortOrderRent=-1"
            onClick={[Function]}
          >
            Architecture
          </a>
          <a
            className=""
            href="/artwork/1/expressionist/sortOrderRent=-1"
            onClick={[Function]}
          >
            Expressionist
          </a>
          <a
            className=""
            href="/artwork/1/figurative/sortOrderRent=-1"
            onClick={[Function]}
          >
            Figurative
          </a>
          <a
            className=""
            href="/artwork/1/geometric/sortOrderRent=-1"
            onClick={[Function]}
          >
            Geometric
          </a>
          <a
            className=""
            href="/artwork/1/minimal/sortOrderRent=-1"
            onClick={[Function]}
          >
            Minimal
          </a>
          <a
            className=""
            href="/artwork/1/nature/sortOrderRent=-1"
            onClick={[Function]}
          >
            Nature
          </a>
          <a
            className=""
            href="/artwork/1/people/sortOrderRent=-1"
            onClick={[Function]}
          >
            People
          </a>
          <a
            className=""
            href="/artwork/1/psychedelic/sortOrderRent=-1"
            onClick={[Function]}
          >
            Psychedelic
          </a>
          <a
            className=""
            href="/artwork/1/urban/sortOrderRent=-1"
            onClick={[Function]}
          >
            Urban
          </a>
        </div>
      </div>
    </div>
    <ul
      className="artworks__list"
    >
      <li
        className="artwork__list"
      >
        <div
          className="sc-bczRLJ eUXIcL"
        >
          <div
            className="artwork__container"
          >
            <a
              className=""
              href="/artwork/details/62a2903fe2cb25089001eb10"
              onClick={[Function]}
            >
              <img
                alt="painting by JULIO  REYES"
                className="artwork__image"
                height={465}
                src="https://firebasestorage.googleapis.com/v0/b/desterra-181ac.appspot.com/o/1654820927053A%20Girl%20Called%20Barbara.jpeg?alt=media&token=0a180515-9af1-4ea5-bb2d-500a21e897ee"
                width={417.44}
              />
            </a>
            <div
              className="artwork__text"
            >
              <h2
                className="artwork__text--author"
              >
                JULIO REYES
              </h2>
              <h3
                className="artwork__text--title"
              >
                A GIRL CALLED BARBABA
              </h3>
              <p
                className="artwork__text--price"
              >
                260€ /month | 2000€ Purchase
              </p>
            </div>
          </div>
        </div>
      </li>
      <li
        className="artwork__list"
      >
        <div
          className="sc-bczRLJ eUXIcL"
        >
          <div
            className="artwork__container"
          >
            <a
              className=""
              href="/artwork/details/62a8a3a3c3c816b7596b478a"
              onClick={[Function]}
            >
              <img
                alt="painting by DAVID  FULLARTON"
                className="artwork__image"
                height={465}
                src="https://firebasestorage.googleapis.com/v0/b/desterra-181ac.appspot.com/o/1655219106440Brickelangelo.jpeg?alt=media&token=36a5e66c-93dc-4ecf-91b1-f0e599040ad0"
                width={417.44}
              />
            </a>
            <div
              className="artwork__text"
            >
              <h2
                className="artwork__text--author"
              >
                DAVID FULLARTON
              </h2>
              <h3
                className="artwork__text--title"
              >
                BRICKELANGELO
              </h3>
              <p
                className="artwork__text--price"
              >
                15€ /month | 200€ Purchase
              </p>
            </div>
          </div>
        </div>
      </li>
      <li
        className="artwork__list"
      >
        <div
          className="sc-bczRLJ eUXIcL"
        >
          <div
            className="artwork__container"
          >
            <a
              className=""
              href="/artwork/details/62a2828ae2cb25089001ea13"
              onClick={[Function]}
            >
              <img
                alt="painting by JESUS  PEREA"
                className="artwork__image"
                height={465}
                src="https://firebasestorage.googleapis.com/v0/b/desterra-181ac.appspot.com/o/1654817416162Concreto.jpeg?alt=media&token=86ef8e9c-6541-4848-a0a5-1b80f97ec3a8"
                width={417.44}
              />
            </a>
            <div
              className="artwork__text"
            >
              <h2
                className="artwork__text--author"
              >
                JESUS PEREA
              </h2>
              <h3
                className="artwork__text--title"
              >
                CONCRETO
              </h3>
              <p
                className="artwork__text--price"
              >
                10€ /month | 120€ Purchase
              </p>
            </div>
          </div>
        </div>
      </li>
      <li
        className="artwork__list"
      >
        <div
          className="sc-bczRLJ eUXIcL"
        >
          <div
            className="artwork__container"
          >
            <a
              className=""
              href="/artwork/details/62a2846fe2cb25089001ea2b"
              onClick={[Function]}
            >
              <img
                alt="painting by JESUS  PEREA"
                className="artwork__image"
                height={465}
                src="https://firebasestorage.googleapis.com/v0/b/desterra-181ac.appspot.com/o/16552243071945.jpeg?alt=media&token=709fcfa3-d328-4a05-9dc0-8d230f9c762c"
                width={417.44}
              />
            </a>
            <div
              className="artwork__text"
            >
              <h2
                className="artwork__text--author"
              >
                JESUS PEREA
              </h2>
              <h3
                className="artwork__text--title"
              >
                CONSTRUCTOR  II
              </h3>
              <p
                className="artwork__text--price"
              >
                10€ /month | 150€ Purchase
              </p>
            </div>
          </div>
        </div>
      </li>
      <li
        className="artwork__list"
      >
        <div
          className="sc-bczRLJ eUXIcL"
        >
          <div
            className="artwork__container"
          >
            <a
              className=""
              href="/artwork/details/62a282c1e2cb25089001ea19"
              onClick={[Function]}
            >
              <img
                alt="painting by JESUS  PEREA"
                className="artwork__image"
                height={465}
                src="https://firebasestorage.googleapis.com/v0/b/desterra-181ac.appspot.com/o/1654817472636Constructor.jpeg?alt=media&token=250623b6-aa76-4233-8f1a-b5c4148fc30c"
                width={417.44}
              />
            </a>
            <div
              className="artwork__text"
            >
              <h2
                className="artwork__text--author"
              >
                JESUS PEREA
              </h2>
              <h3
                className="artwork__text--title"
              >
                CONSTRUCTOR I
              </h3>
              <p
                className="artwork__text--price"
              >
                11€ /month | 150€ Purchase
              </p>
            </div>
          </div>
        </div>
      </li>
      <li
        className="artwork__list"
      >
        <div
          className="sc-bczRLJ eUXIcL"
        >
          <div
            className="artwork__container"
          >
            <a
              className=""
              href="/artwork/details/62a472129cdb1d00b8681b2a"
              onClick={[Function]}
            >
              <img
                alt="painting by JESUS  PEREA"
                className="artwork__image"
                height={465}
                src="https://firebasestorage.googleapis.com/v0/b/desterra-181ac.appspot.com/o/165524045692912.jpeg?alt=media&token=accb9f67-6312-4dff-8e51-16e8975f783d"
                width={417.44}
              />
            </a>
            <div
              className="artwork__text"
            >
              <h2
                className="artwork__text--author"
              >
                JESUS PEREA
              </h2>
              <h3
                className="artwork__text--title"
              >
                DESESTRUCTURING
              </h3>
              <p
                className="artwork__text--price"
              >
                35€ /month | 500€ Purchase
              </p>
            </div>
          </div>
        </div>
      </li>
      <li
        className="artwork__list"
      >
        <div
          className="sc-bczRLJ eUXIcL"
        >
          <div
            className="artwork__container"
          >
            <a
              className=""
              href="/artwork/details/62a52a0d89eefe1b8f16164f"
              onClick={[Function]}
            >
              <img
                alt="painting by JOHAN  BARRIOS"
                className="artwork__image"
                height={465}
                src="https://firebasestorage.googleapis.com/v0/b/desterra-181ac.appspot.com/o/1654991606826Expansion.jpeg?alt=media&token=d8d1236f-5baf-458f-b551-97b065587a38"
                width={417.44}
              />
            </a>
            <div
              className="artwork__text"
            >
              <h2
                className="artwork__text--author"
              >
                JOHAN BARRIOS
              </h2>
              <h3
                className="artwork__text--title"
              >
                EXPANSION
              </h3>
              <p
                className="artwork__text--price"
              >
                80€ /month | 800€ Purchase
              </p>
            </div>
          </div>
        </div>
      </li>
      <li
        className="artwork__list"
      >
        <div
          className="sc-bczRLJ eUXIcL"
        >
          <div
            className="artwork__container"
          >
            <a
              className=""
              href="/artwork/details/62a51c7789eefe1b8f16156a"
              onClick={[Function]}
            >
              <img
                alt="painting by DANIEL  SEGROVE"
                className="artwork__image"
                height={465}
                src="https://firebasestorage.googleapis.com/v0/b/desterra-181ac.appspot.com/o/1654987894565Daniel%20Segrove%20(6).jpeg?alt=media&token=03e4233a-6232-4218-9da4-d02dbe8368d5"
                width={417.44}
              />
            </a>
            <div
              className="artwork__text"
            >
              <h2
                className="artwork__text--author"
              >
                DANIEL SEGROVE
              </h2>
              <h3
                className="artwork__text--title"
              >
                FORGOTTEN
              </h3>
              <p
                className="artwork__text--price"
              >
                80€ /month | 600€ Purchase
              </p>
            </div>
          </div>
        </div>
      </li>
      <li
        className="artwork__list"
      >
        <div
          className="sc-bczRLJ eUXIcL"
        >
          <div
            className="artwork__container"
          >
            <a
              className=""
              href="/artwork/details/62a2865de2cb25089001ea4f"
              onClick={[Function]}
            >
              <img
                alt="painting by MARINA  GONZALEZ EME"
                className="artwork__image"
                height={465}
                src="https://firebasestorage.googleapis.com/v0/b/desterra-181ac.appspot.com/o/1654818396291Formidable%20Totem.jpg?alt=media&token=961eaefd-4b37-4a6c-b870-36261d8b1416"
                width={417.44}
              />
            </a>
            <div
              className="artwork__text"
            >
              <h2
                className="artwork__text--author"
              >
                MARINA GONZALEZ EME
              </h2>
              <h3
                className="artwork__text--title"
              >
                FORMIDABLE TOTEM I
              </h3>
              <p
                className="artwork__text--price"
              >
                30€ /month | 300€ Purchase
              </p>
            </div>
          </div>
        </div>
      </li>
      <li
        className="artwork__list"
      >
        <div
          className="sc-bczRLJ eUXIcL"
        >
          <div
            className="artwork__container"
          >
            <a
              className=""
              href="/artwork/details/62a286d1e2cb25089001ea58"
              onClick={[Function]}
            >
              <img
                alt="painting by MARINA  GONZALEZ EME"
                className="artwork__image"
                height={465}
                src="https://firebasestorage.googleapis.com/v0/b/desterra-181ac.appspot.com/o/1654818512307Formidable%20Totem%202.jpg?alt=media&token=8274831c-73af-4c29-b19d-3aeb700a0946"
                width={417.44}
              />
            </a>
            <div
              className="artwork__text"
            >
              <h2
                className="artwork__text--author"
              >
                MARINA GONZALEZ EME
              </h2>
              <h3
                className="artwork__text--title"
              >
                FORMIDABLE TOTEM II
              </h3>
              <p
                className="artwork__text--price"
              >
                23€ /month | 370€ Purchase
              </p>
            </div>
          </div>
        </div>
      </li>
      <li
        className="artwork__list"
      >
        <div
          className="sc-bczRLJ eUXIcL"
        >
          <div
            className="artwork__container"
          >
            <a
              className=""
              href="/artwork/details/62a8ac7cc3c816b7596b4804"
              onClick={[Function]}
            >
              <img
                alt="painting by DAVID  FULLARTON"
                className="artwork__image"
                height={465}
                src="https://firebasestorage.googleapis.com/v0/b/desterra-181ac.appspot.com/o/1655221371792FreeJazz_lo.jpeg?alt=media&token=d0a97bf5-afc1-40c8-a3ac-35040f33e36e"
                width={417.44}
              />
            </a>
            <div
              className="artwork__text"
            >
              <h2
                className="artwork__text--author"
              >
                DAVID FULLARTON
              </h2>
              <h3
                className="artwork__text--title"
              >
                FREE JAZZ
              </h3>
              <p
                className="artwork__text--price"
              >
                32€ /month | 300€ Purchase
              </p>
            </div>
          </div>
        </div>
      </li>
      <li
        className="artwork__list"
      >
        <div
          className="sc-bczRLJ eUXIcL"
        >
          <div
            className="artwork__container"
          >
            <a
              className=""
              href="/artwork/details/62a52c9889eefe1b8f16169d"
              onClick={[Function]}
            >
              <img
                alt="painting by JOHAN  BARRIOS"
                className="artwork__image"
                height={465}
                src="https://firebasestorage.googleapis.com/v0/b/desterra-181ac.appspot.com/o/1654992023246Gravitation.jpeg?alt=media&token=9e16c672-9611-4127-9f11-5fcf2963be40"
                width={417.44}
              />
            </a>
            <div
              className="artwork__text"
            >
              <h2
                className="artwork__text--author"
              >
                JOHAN BARRIOS
              </h2>
              <h3
                className="artwork__text--title"
              >
                GRAVITATION
              </h3>
              <p
                className="artwork__text--price"
              >
                630€ /month | 6000€ Purchase
              </p>
            </div>
          </div>
        </div>
      </li>
    </ul>
    <div
      className="artworks__navigate--container"
    >
      <svg
        className="artworks__navigate--button_first"
        data-testid="back-button"
        onClick={[Function]}
        viewBox="0 0 448 512"
        xmlns="http://www.w3.org/2000/svg"
      >
        <path
          d="M447.1 256C447.1 273.7 433.7 288 416 288H109.3l105.4 105.4c12.5 12.5 12.5 32.75 0 45.25C208.4 444.9 200.2 448 192 448s-16.38-3.125-22.62-9.375l-160-160c-12.5-12.5-12.5-32.75 0-45.25l160-160c12.5-12.5 32.75-12.5 45.25 0s12.5 32.75 0 45.25L109.3 224H416C433.7 224 447.1 238.3 447.1 256z"
          fillOpacity=""
        />
      </svg>
      <p
        className="artworks__navigate--counter"
      >
        /0
      </p>
      <svg
        className="artworks__navigate--button_deactivated_right"
        data-testid="forward-button"
        viewBox="0 0 448 512"
        xmlns="http://www.w3.org/2000/svg"
      >
        <path
          d="M438.6 278.6l-160 160C272.4 444.9 264.2 448 256 448s-16.38-3.125-22.62-9.375c-12.5-12.5-12.5-32.75 0-45.25L338.8 288H32C14.33 288 .0016 273.7 .0016 256S14.33 224 32 224h306.8l-105.4-105.4c-12.5-12.5-12.5-32.75 0-45.25s32.75-12.5 45.25 0l160 160C451.1 245.9 451.1 266.1 438.6 278.6z"
          fillOpacity=""
        />
      </svg>
    </div>
  </div>,
  <footer
    className="sc-eCYdqJ kYcvzd"
  >
    <div
      className="footer__container"
    >
      <ol
        className="footer__address-list"
      >
        <li
          className="footer__text--listitem"
        >
          CARRER DE MALLORCA 570, BARCELONA, ES
        </li>
        <li
          className="footer__text--listitem"
        >
          08026
        </li>
        <li
          className="footer__text--listitem"
        >
          +34 663531568
        </li>
        <li
          className="footer__text--listitem"
        >
          INFO@DESTERRAGALLERY.COM
        </li>
      </ol>
      <div
        className="footer__social-media"
      >
        <a
          href="https://facebook.com"
          rel="noreferrer"
          target="_blank"
        >
          <svg
            className="footer__social-media--facebook"
            data-testid="icon1"
            viewBox="0 0 320 512"
            xmlns="http://www.w3.org/2000/svg"
          >
            <path
              d="M279.14 288l14.22-92.66h-88.91v-60.13c0-25.35 12.42-50.06 52.24-50.06h40.42V6.26S260.43 0 225.36 0c-73.22 0-121.08 44.38-121.08 124.72v70.62H22.89V288h81.39v224h100.17V288z"
            />
          </svg>
        </a>
        <a
          href="https://twitter.com"
          rel="noreferrer"
          target="_blank"
        >
          <svg
            className="footer__social-media--twitter"
            data-testid="icon2"
            viewBox="0 0 512 512"
            xmlns="http://www.w3.org/2000/svg"
          >
            <path
              d="M459.37 151.716c.325 4.548.325 9.097.325 13.645 0 138.72-105.583 298.558-298.558 298.558-59.452 0-114.68-17.219-161.137-47.106 8.447.974 16.568 1.299 25.34 1.299 49.055 0 94.213-16.568 130.274-44.832-46.132-.975-84.792-31.188-98.112-72.772 6.498.974 12.995 1.624 19.818 1.624 9.421 0 18.843-1.3 27.614-3.573-48.081-9.747-84.143-51.98-84.143-102.985v-1.299c13.969 7.797 30.214 12.67 47.431 13.319-28.264-18.843-46.781-51.005-46.781-87.391 0-19.492 5.197-37.36 14.294-52.954 51.655 63.675 129.3 105.258 216.365 109.807-1.624-7.797-2.599-15.918-2.599-24.04 0-57.828 46.782-104.934 104.934-104.934 30.213 0 57.502 12.67 76.67 33.137 23.715-4.548 46.456-13.32 66.599-25.34-7.798 24.366-24.366 44.833-46.132 57.827 21.117-2.273 41.584-8.122 60.426-16.243-14.292 20.791-32.161 39.308-52.628 54.253z"
            />
          </svg>
        </a>
        <a
          href="https://instagram.com"
          rel="noreferrer"
          target="_blank"
        >
          <svg
            className="footer__social-media--instagram"
            data-testid="icon3"
            viewBox="0 0 448 512"
            xmlns="http://www.w3.org/2000/svg"
          >
            <path
              d="M224.1 141c-63.6 0-114.9 51.3-114.9 114.9s51.3 114.9 114.9 114.9S339 319.5 339 255.9 287.7 141 224.1 141zm0 189.6c-41.1 0-74.7-33.5-74.7-74.7s33.5-74.7 74.7-74.7 74.7 33.5 74.7 74.7-33.6 74.7-74.7 74.7zm146.4-194.3c0 14.9-12 26.8-26.8 26.8-14.9 0-26.8-12-26.8-26.8s12-26.8 26.8-26.8 26.8 12 26.8 26.8zm76.1 27.2c-1.7-35.9-9.9-67.7-36.2-93.9-26.2-26.2-58-34.4-93.9-36.2-37-2.1-147.9-2.1-184.9 0-35.8 1.7-67.6 9.9-93.9 36.1s-34.4 58-36.2 93.9c-2.1 37-2.1 147.9 0 184.9 1.7 35.9 9.9 67.7 36.2 93.9s58 34.4 93.9 36.2c37 2.1 147.9 2.1 184.9 0 35.9-1.7 67.7-9.9 93.9-36.2 26.2-26.2 34.4-58 36.2-93.9 2.1-37 2.1-147.8 0-184.8zM398.8 388c-7.8 19.6-22.9 34.7-42.6 42.6-29.5 11.7-99.5 9-132.1 9s-102.7 2.6-132.1-9c-19.6-7.8-34.7-22.9-42.6-42.6-11.7-29.5-9-99.5-9-132.1s-2.6-102.7 9-132.1c7.8-19.6 22.9-34.7 42.6-42.6 29.5-11.7 99.5-9 132.1-9s102.7-2.6 132.1 9c19.6 7.8 34.7 22.9 42.6 42.6 11.7 29.5 9 99.5 9 132.1s2.7 102.7-9 132.1z"
            />
          </svg>
        </a>
      </div>
    </div>
  </footer>,
]
`;
