// Jest Snapshot v1, https://goo.gl/fbAQLP

exports[`Given an Register form component When it's rendered Then it should always match this snapshot 1`] = `
<div
  className="sc-dkzDqf kgBSCJ"
>
  <div
    className="register__form"
  >
    <form
      autoComplete="off"
      noValidate={true}
      onSubmit={[Function]}
    >
      <div
        className="register__text--container"
      >
        <p
          className="register__text--intro"
        >
          REGISTER TO
        </p>
        <p
          className="register__text--intro"
        >
          PURCHASE, SELL OR
        </p>
        <p
          className="register__text--intro"
        >
          RENT YOUR
          <span
            className="register__text--colored"
          >
             ART
          </span>
        </p>
      </div>
      <div
        className="register__form--container-labels"
      >
        <div
          className="register__form--first-labels"
        >
          <label
            className="register__label"
            htmlFor="firstname"
          >
            FIRST NAME
          </label>
          <input
            autoComplete="off"
            className="register__input"
            id="firstname"
            maxLength={35}
            onChange={[Function]}
            placeholder="FIRST NAME"
            required={true}
            value=""
          />
          <label
            className="register__label"
            htmlFor="surname"
          >
            SURNAME
          </label>
          <input
            autoComplete="off"
            className="register__input"
            id="surname"
            maxLength={35}
            onChange={[Function]}
            placeholder="SURNAME"
            required={true}
            value=""
          />
          <label
            className="register__label"
            htmlFor="email"
          >
            EMAIL
          </label>
          <input
            autoComplete="off"
            className="register__input"
            id="email"
            maxLength={33}
            onChange={[Function]}
            placeholder="EMAIL"
            required={true}
            type="email"
            value=""
          />
          <label
            className="register__label"
            htmlFor="password"
          >
            PASSWORD
          </label>
          <input
            autoComplete="off"
            className="register__input"
            id="password"
            maxLength={15}
            minLength={5}
            onChange={[Function]}
            placeholder="(MIN 5 CHAR - MAX 15 CHAR)"
            required={true}
            type="password"
            value=""
          />
          <label
            className="register__label"
            htmlFor="webpage"
          >
            WEB PAGE (OPTIONAL)
          </label>
          <input
            autoComplete="off"
            className="register__input"
            id="webpage"
            maxLength={50}
            onChange={[Function]}
            placeholder="WEB PAGE"
            value=""
          />
          <label
            className="register__label"
            htmlFor="artimages"
          >
            PICTURE PROFILE (OPTIONAL)
          </label>
          <input
            accept="image/*"
            autoComplete="off"
            className="register__input"
            id="artimages"
            onChange={[Function]}
            required={true}
            type="file"
          />
        </div>
        <div
          className="register__form--second-labels"
        >
          <label
            className="register__label"
            htmlFor="address"
          >
            ADDRESS & NUMBER
          </label>
          <input
            autoComplete="off"
            className="register__input"
            id="address"
            maxLength={35}
            onChange={[Function]}
            placeholder="EX.: CARRER DE MALLORCA, 200"
            required={true}
            value=""
          />
          <label
            className="register__label"
            htmlFor="apartmentdoorstair"
          >
            APARTMENT, DOOR, STAIR (OPTIONAL)
          </label>
          <input
            autoComplete="off"
            className="register__input"
            id="apartmentdoorstair"
            maxLength={35}
            onChange={[Function]}
            placeholder="EX.: BAJO - 2"
            value=""
          />
          <label
            className="register__label"
            htmlFor="city"
          >
            CITY
          </label>
          <input
            autoComplete="off"
            className="register__input"
            id="city"
            maxLength={35}
            onChange={[Function]}
            placeholder="CITY"
            value=""
          />
          <label
            className="register__label"
            htmlFor="phonenumber"
          >
            PHONE NUMBER
          </label>
          <input
            autoComplete="off"
            className="register__input"
            id="phonenumber"
            onChange={[Function]}
            placeholder="PHONE NUMBER"
            type="number"
            value=""
          />
          <div
            className="register__input--checkbox"
          >
            <input
              className="register__input--checkbox_click"
              id="artist"
              name="subscribe"
              onChange={[Function]}
              type="checkbox"
              value="false"
            />
            <label
              className="register__label--checkbox"
              htmlFor="artist"
            >
              I'm an Artist and I want to Sell My Work
            </label>
          </div>
          <div
            className="register__button--container"
          >
            <button
              className="register__button"
              disabled={false}
              type="submit"
              value="Send"
            >
              REGISTER
            </button>
          </div>
          <div
            className="register__text--login"
          >
            <a
              className="register__text--navigation"
              href="/users/login"
              onClick={[Function]}
            >
              <div
                className="register__text--navigation"
              >
                Already Registered?
                <span
                  className="register__text--colored"
                >
                   
                  Sign In Now!
                </span>
              </div>
            </a>
          </div>
        </div>
      </div>
    </form>
  </div>
</div>
`;

